******************************************************************************
                  TI ARM Linker PC v5.2.7                      
******************************************************************************
>> Linked Tue May 31 15:38:57 2016

OUTPUT FILE NAME:   <timer_a_updown_compare_multiple_pwm.out>
ENTRY POINT SYMBOL: "_c_int00"  address: 00000b49


MEMORY CONFIGURATION

         name            origin    length      used     unused   attr    fill
----------------------  --------  ---------  --------  --------  ----  --------
  MAIN                  00000000   00040000  00000ec6  0003f13a  R  X
  INFO                  00200000   00004000  00000000  00004000  R  X
  SRAM_CODE             01000000   00010000  00000000  00010000  RW X
  SRAM_DATA             20000000   00010000  0000028c  0000fd74  RW  


SEGMENT ALLOCATION MAP

run origin  load origin   length   init length attrs members
----------  ----------- ---------- ----------- ----- -------
00000000    00000000    00000ec8   00000ec8    r-x
  00000000    00000000    00000140   00000140    r-- .intvecs
  00000140    00000140    00000caa   00000caa    r-x .text
  00000dec    00000dec    00000044   00000044    r-- .const
  00000e30    00000e30    00000098   00000098    r-- .cinit
20000000    20000000    0000008c   00000000    rw-
  20000000    20000000    00000088   00000000    rw- .data
  20000088    20000088    00000004   00000000    rw- .bss
2000fe00    2000fe00    00000200   00000000    rw-
  2000fe00    2000fe00    00000200   00000000    rw- .stack


SECTION ALLOCATION MAP

 output                                  attributes/
section   page    origin      length       input sections
--------  ----  ----------  ----------   ----------------
.intvecs   0    00000000    00000140     
                  00000000    00000140     startup_msp432p401r_ccs.obj (.intvecs:retain)

.text      0    00000140    00000caa     
                  00000140    000004d0     timer_a_updown_compare_multiple_pwm.obj (.text)
                  00000610    00000348     system_msp432p401r.obj (.text)
                  00000958    0000009c     rtsv7M4_T_le_v4SPD16_eabi.lib : memcpy_t2.obj (.text)
                  000009f4    0000007a                                   : memset_t2.obj (.text)
                  00000a6e    00000002     --HOLE-- [fill = 0]
                  00000a70    0000006c                                   : autoinit.obj (.text)
                  00000adc    0000006a                                   : copy_decompress_rle.obj (.text)
                  00000b46    00000002     --HOLE-- [fill = 0]
                  00000b48    00000050                                   : boot.obj (.text)
                  00000b98    0000004c     msp432p4xx_driverlib.lib : gpio.o (.text:GPIO_setAsPeripheralModuleFunctionOutputPin)
                  00000be4    0000004c     rtsv7M4_T_le_v4SPD16_eabi.lib : cpy_tbl.obj (.text)
                  00000c30    00000048     msp432p4xx_driverlib.lib : gpio.o (.text:GPIO_setAsPeripheralModuleFunctionInputPin)
                  00000c78    00000044     rtsv7M4_T_le_v4SPD16_eabi.lib : exit.obj (.text)
                  00000cbc    0000002c     msp432p4xx_driverlib.lib : gpio.o (.text:GPIO_setAsInputPin)
                  00000ce8    00000024                              : cs.o (.text:CS_setDCOCenteredFrequency)
                  00000d0c    00000024                              : gpio.o (.text:GPIO_setAsOutputPin)
                  00000d30    00000018                              : gpio.o (.text:GPIO_getInputPinValue)
                  00000d48    00000018                              : gpio.o (.text:GPIO_setOutputLowOnPin)
                  00000d60    00000018     rtsv7M4_T_le_v4SPD16_eabi.lib : args_main.obj (.text)
                  00000d78    00000014     msp432p4xx_driverlib.lib : gpio.o (.text:GPIO_setOutputHighOnPin)
                  00000d8c    00000014                              : gpio.o (.text:GPIO_toggleOutputOnPin)
                  00000da0    00000014     rtsv7M4_T_le_v4SPD16_eabi.lib : _lock.obj (.text)
                  00000db4    00000012     startup_msp432p401r_ccs.obj (.text)
                  00000dc6    0000000e     rtsv7M4_T_le_v4SPD16_eabi.lib : copy_decompress_none.obj (.text:decompress:none)
                  00000dd4    0000000c                                   : copy_zero_init.obj (.text:decompress:ZI)
                  00000de0    00000006                                   : copy_decompress_rle.obj (.text:decompress:rle24)
                  00000de6    00000004                                   : pre_init.obj (.text)

.const     0    00000dec    00000044     
                  00000dec    00000024     timer_a_updown_compare_multiple_pwm.obj (.const:uartConfig)
                  00000e10    00000020     timer_a_updown_compare_multiple_pwm.obj (.const)

.cinit     0    00000e30    00000098     
                  00000e30    00000070     (.cinit..data.load) [load image, compression = rle]
                  00000ea0    0000000c     (__TI_handler_table)
                  00000eac    00000004     --HOLE-- [fill = 0]
                  00000eb0    00000008     (.cinit..bss.load) [load image, compression = zero_init]
                  00000eb8    00000010     (__TI_cinit_table)

.init_array 
*          0    00000000    00000000     UNINITIALIZED

.data      0    20000000    00000088     UNINITIALIZED
                  20000000    00000040     timer_a_updown_compare_multiple_pwm.obj (.data)
                  20000040    00000030     msp432p4xx_driverlib.lib : gpio.o (.data:GPIO_PORT_TO_BASE)
                  20000070    00000008     rtsv7M4_T_le_v4SPD16_eabi.lib : _lock.obj (.data)
                  20000078    00000008                                   : exit.obj (.data)
                  20000080    00000004                                   : stkdepth_vars.obj (.data)
                  20000084    00000004     system_msp432p401r.obj (.data)

.TI.persistent 
*          0    20000000    00000000     UNINITIALIZED

.bss       0    20000088    00000004     UNINITIALIZED
                  20000088    00000004     (.common:vehicle_pos)

.TI.noinit 
*          0    20000088    00000000     UNINITIALIZED

.stack     0    2000fe00    00000200     UNINITIALIZED
                  2000fe00    00000200     --HOLE--


LINKER GENERATED COPY TABLES

__TI_cinit_table @ 00000eb8 records: 2, size/record: 8, table size: 16
	.data: load addr=00000e30, load size=00000070 bytes, run addr=20000000, run size=00000088 bytes, compression=rle
	.bss: load addr=00000eb0, load size=00000008 bytes, run addr=20000088, run size=00000004 bytes, compression=zero_init


LINKER GENERATED HANDLER TABLE

__TI_handler_table @ 00000ea0 records: 3, size/record: 4, table size: 12
	index: 0, handler: __TI_decompress_rle24
	index: 1, handler: __TI_decompress_none
	index: 2, handler: __TI_zero_init


GLOBAL SYMBOLS: SORTED ALPHABETICALLY BY Name 

address   name                                       
-------   ----                                       
00000c79  C$$EXIT                                    
00000ce9  CS_setDCOCenteredFrequency                 
0000058d  EUSCIA2_IRQHandler                         
00000d31  GPIO_getInputPinValue                      
00000cbd  GPIO_setAsInputPin                         
00000d0d  GPIO_setAsOutputPin                        
00000c31  GPIO_setAsPeripheralModuleFunctionInputPin 
00000b99  GPIO_setAsPeripheralModuleFunctionOutputPin
00000d79  GPIO_setOutputHighOnPin                    
00000d49  GPIO_setOutputLowOnPin                     
00000d8d  GPIO_toggleOutputOnPin                     
UNDEFED   SHT$$INIT_ARRAY$$Base                      
UNDEFED   SHT$$INIT_ARRAY$$Limit                     
20000084  SystemCoreClock                            
00000611  SystemCoreClockUpdate                      
00000885  SystemInit                                 
000005b9  T32_INT1_IRQHandler                        
4000480c  WDTCTL_SYM                                 
20010000  __STACK_END                                
00000200  __STACK_SIZE                               
00000eb8  __TI_CINIT_Base                            
00000ec8  __TI_CINIT_Limit                           
00000ea0  __TI_Handler_Table_Base                    
00000eac  __TI_Handler_Table_Limit                   
00000a71  __TI_auto_init                             
20000078  __TI_cleanup_ptr                           
00000dc7  __TI_decompress_none                       
00000de1  __TI_decompress_rle24                      
2000007c  __TI_dtors_ptr                             
00000000  __TI_static_base__                         
00000dd5  __TI_zero_init                             
000009f5  __aeabi_memclr                             
000009f5  __aeabi_memclr4                            
000009f5  __aeabi_memclr8                            
00000959  __aeabi_memcpy                             
00000959  __aeabi_memcpy4                            
00000959  __aeabi_memcpy8                            
000009f7  __aeabi_memset                             
000009f7  __aeabi_memset4                            
000009f7  __aeabi_memset8                            
ffffffff  __binit__                                  
ffffffff  __c_args__                                 
2000fe00  __stack                                    
00000d61  _args_main                                 
00000b49  _c_int00                                   
20000070  _lock                                      
00000daf  _nop                                       
00000da7  _register_lock                             
00000da1  _register_unlock                           
00000de7  _system_pre_init                           
20000074  _unlock                                    
00000c7d  abort                                      
ffffffff  binit                                      
2000003c  checkUart                                  
00000141  check_pos                                  
00000e10  compareConfig_PWM1                         
00000e20  compareConfig_PWM2                         
00000365  control_motor                              
00000be5  copy_in                                    
20000038  direction                                  
20000004  duration_outer_turn                        
20000000  duration_straight                          
20000008  duration_turn                              
00000c85  exit                                       
000002b9  go_backward                                
000002a5  go_forward                                 
00000265  init_motor_pwm                             
00000513  init_timer_2                               
00000000  interruptVectors                           
00000541  main                                       
20000080  main_func_sp                               
00000959  memcpy                                     
000009fd  memset                                     
20000028  pwm_backward                               
20000024  pwm_forward                                
2000002c  pwm_in_wheel                               
20000030  pwm_out_wheel                              
20000035  received_direction                         
20000034  receiving_command                          
000001a7  start_motor                                
00000183  stop_motor                                 
00000317  turn_left                                  
000002cd  turn_right                                 
00000dec  uartConfig                                 
000004c1  uart_function                              
2000000c  upDownConfig                               
20000088  vehicle_pos                                


GLOBAL SYMBOLS: SORTED BY Symbol Address 

address   name                                       
-------   ----                                       
00000000  __TI_static_base__                         
00000000  interruptVectors                           
00000141  check_pos                                  
00000183  stop_motor                                 
000001a7  start_motor                                
00000200  __STACK_SIZE                               
00000265  init_motor_pwm                             
000002a5  go_forward                                 
000002b9  go_backward                                
000002cd  turn_right                                 
00000317  turn_left                                  
00000365  control_motor                              
000004c1  uart_function                              
00000513  init_timer_2                               
00000541  main                                       
0000058d  EUSCIA2_IRQHandler                         
000005b9  T32_INT1_IRQHandler                        
00000611  SystemCoreClockUpdate                      
00000885  SystemInit                                 
00000959  __aeabi_memcpy                             
00000959  __aeabi_memcpy4                            
00000959  __aeabi_memcpy8                            
00000959  memcpy                                     
000009f5  __aeabi_memclr                             
000009f5  __aeabi_memclr4                            
000009f5  __aeabi_memclr8                            
000009f7  __aeabi_memset                             
000009f7  __aeabi_memset4                            
000009f7  __aeabi_memset8                            
000009fd  memset                                     
00000a71  __TI_auto_init                             
00000b49  _c_int00                                   
00000b99  GPIO_setAsPeripheralModuleFunctionOutputPin
00000be5  copy_in                                    
00000c31  GPIO_setAsPeripheralModuleFunctionInputPin 
00000c79  C$$EXIT                                    
00000c7d  abort                                      
00000c85  exit                                       
00000cbd  GPIO_setAsInputPin                         
00000ce9  CS_setDCOCenteredFrequency                 
00000d0d  GPIO_setAsOutputPin                        
00000d31  GPIO_getInputPinValue                      
00000d49  GPIO_setOutputLowOnPin                     
00000d61  _args_main                                 
00000d79  GPIO_setOutputHighOnPin                    
00000d8d  GPIO_toggleOutputOnPin                     
00000da1  _register_unlock                           
00000da7  _register_lock                             
00000daf  _nop                                       
00000dc7  __TI_decompress_none                       
00000dd5  __TI_zero_init                             
00000de1  __TI_decompress_rle24                      
00000de7  _system_pre_init                           
00000dec  uartConfig                                 
00000e10  compareConfig_PWM1                         
00000e20  compareConfig_PWM2                         
00000ea0  __TI_Handler_Table_Base                    
00000eac  __TI_Handler_Table_Limit                   
00000eb8  __TI_CINIT_Base                            
00000ec8  __TI_CINIT_Limit                           
20000000  duration_straight                          
20000004  duration_outer_turn                        
20000008  duration_turn                              
2000000c  upDownConfig                               
20000024  pwm_forward                                
20000028  pwm_backward                               
2000002c  pwm_in_wheel                               
20000030  pwm_out_wheel                              
20000034  receiving_command                          
20000035  received_direction                         
20000038  direction                                  
2000003c  checkUart                                  
20000070  _lock                                      
20000074  _unlock                                    
20000078  __TI_cleanup_ptr                           
2000007c  __TI_dtors_ptr                             
20000080  main_func_sp                               
20000084  SystemCoreClock                            
20000088  vehicle_pos                                
2000fe00  __stack                                    
20010000  __STACK_END                                
4000480c  WDTCTL_SYM                                 
ffffffff  __binit__                                  
ffffffff  __c_args__                                 
ffffffff  binit                                      
UNDEFED   SHT$$INIT_ARRAY$$Base                      
UNDEFED   SHT$$INIT_ARRAY$$Limit                     

[87 symbols]
